{% load static %}
<!DOCTYPE html>
<html lang="en">
<head>
    <meta charset="UTF-8">
    <meta name="viewport" content="width=device-width, initial-scale=1.0">
    <title>Golden Temple Gallery</title>
    <link rel="stylesheet" href="https://cdnjs.cloudflare.com/ajax/libs/twitter-bootstrap/4.1.3/css/bootstrap.min.css">
    <link rel="stylesheet" href="https://cdnjs.cloudflare.com/ajax/libs/ionicons/2.0.1/css/ionicons.min.css">
    <link rel="stylesheet" href="assets/css/style.css">

    <link rel="icon" type="image/x-icon" href="favicon.ico">

    <link rel="stylesheet" href="../golden/golden.css">

    
</head>
<body>
    <div id="wrapper">

        <div class="background">
            <figure class="back">
                <img src="../golden/temple golden.jpeg">
            </figure>
            <h2>Golden Temple</h2>
        </div>


        <br>
        <br>


        <div class="container">
            <h1>Best Places in Amritsar</h1>
            <div class="gallery">

                <figure class="card">
                    <img src="../golden/tem1.jpg">
                    <figcaption><b>The Golden Temple</b></figcaption>
                </figure>
                <figure class="card">
                    <img src=" ../golden/tem2.jpg">
                    <figcaption><b>Wagah Border</b></figcaption>
                </figure>
                <figure class="card">
                    <img src="../golden/tem3.jpg">
                    <figcaption><b>Maharaja Ranjit Singh Museum</b></figcaption>
                </figure>
                <figure class="card">
                    <img src="../golden/tem4.jpg">
                    <figcaption><b>Khalsa College</b></figcaption>
                </figure>
                <figure class="card">
                    <img src="../golden/tem5.jpg">
                    <figcaption><b>Ram Tirath Ashram</b></figcaption>
                </figure>
                <figure class="card">
                    <img src="../golden/tem6.jpg">
                    <figcaption><b>Tarn Taran</b></figcaption>
                </figure>
                <figure class="card">
                    <img src="../golden/tem7.jpg">
                    <figcaption><b>Jallianwala Bagh</b></figcaption>
                </figure>
                <figure class="card">
                    <img src="../golden/tem8.jpg">
                    <figcaption><b> Durgiana Temple
                    </b></figcaption>
                </figure>
                <figure class="card">
                    <img src="../golden/tem9.jpg">
                    <figcaption><b>Jama Masjid Khairuddin, Amritsar</b></figcaption>
                </figure>

            </div>
               
            <div class="para"><br><br>
                <h3><b>About Golden Temple</b></h3><br>
                <p style="color: grey;"><b>Golden Temple,  Harimandir Sahib</b></p><br>
                <p style="color: grey;">The Golden Temple (also known as the Harimandir Sahib (lit. 'abode of God', Punjabi pronunciation: [ɦəɾᵊmən̪d̪əɾᵊ saːɦ(ɪ)bᵊ]), or the Darbār Sahib, 'exalted court', [d̪əɾᵊbaːɾᵊ saːɦ(ɪ)bᵊ] or Suvaran Mandir[2]) is a gurdwara located in the city of Amritsar, Punjab, India.[3][4] It is the preeminent spiritual site of Sikhism. It is one of the holiest sites in Sikhism, alongside the Gurdwara Darbar Sahib Kartarpur in Kartarpur, and Gurdwara Janam Asthan in Nankana Sahib.</p>
                
                 <a href="https://en.wikipedia.org/wiki/Golden_Temple" target="_blank">Read More</a>

                 <div class="thing">
                

                   
                </div>

                <h1>Amritsar Tour package</h1>
                
                <div class="main">

                   <div class="card2">
                   
                   <div class="image">
                      <img src="../golden/deal1.jpg">
                   </div>
                   <div class="title">
                    <h1>Explore Amritsar, Katra</h1>
                   </div>
                   <div class="des">
                    <p>10 Days & 9 Nights</p>
                    <p style="color: blue;">Rs.19,000</p>
                    <p id="wrgpaise"><del>25,000</del></p>
                    <button style="background-color: grey;">10% OFF</button>
                    </div>
                   </div>
                   <!--cards -->
                   
                   
                   <div class="card2">
                   
                   <div class="image">
                      <img src="../golden/deal2.jpg">
                   </div>
                   <div class="title">
                    <h1>Magical Dalhousie Tour</h1>
                   </div>
                   <div class="des">
                    <p>Dharamshala, Amritsar 7 Days</p>
                    <p style="color: blue;">Rs.24,000</p>
                    <p id="wrgpaise"><del>30,000</del></p>
                    <button style="background-color: grey;">6% OFF</button>
                   </div>
                   </div>
                   <!--cards -->
                   
                   
                   <div class="card2">
                   
                   <div class="image">
                      <img src="../golden/deal3.jpg">
                   </div>
                   <div class="title">
                    <h1>Pleasurable 10 Days Weekend</h1>
                   </div>
                   <div class="des">
                    <p>Shimla, Manali, Dharamshala, AmritsarPackage </p>
                    <p style="color: blue;">Rs.40,600</p>
                    <p id="wrgpaise"><del>50,000</del></p>
                    <button style="background-color: grey;">12% OFF</button>
                   </div>
                   </div>
                   </div>
              
                   <h1>Trip Ideas In Golden Temple</h1><br>
                   <div class="container2">
                    <div>
                      <div class="content">
                        <h3>Golden temple</h3>
                        <span>at night</span>
                      </div>
                    </div>
                    <div>
                      <div class="content">
                        <h3>Street Food</h3>
                        <span>Amritsari kulcha</span>
                      </div>
                    </div>
                    <div>
                      <div class="content">
                        <h3>Shopping</h3>
                        <span>authentic styles and designs</span>
                      </div>
                    </div>
                    <div>
                      <div class="content">
                        <h3>Suncity Amusement & Waterpark</h3>
                        <span>Enjoy the fun ride</span>
                      </div>
                    </div>
                  </div><br><br>


                  <span class="heading"><b>Golden Temple Rating & Reviews</b></span>
                  <span class="fa fa-star checked"></span>
                  <span class="fa fa-star checked"></span>
                  <span class="fa fa-star checked"></span>
                  <span class="fa fa-star checked"></span>
                  <span class="fa fa-star"></span><br><br>
                  <p>421 Ratings and 4 Reviews</p><br>
                  <hr style="border:3px solid #f1f1f1">
                  
                  <div class="row">
                    <div class="side">
                      <div><b>5 star</b></div>
                    </div>
                    <div class="middle">
                      <div class="bar-container">
                        <div class="bar-5"></div>
                      </div>
                    </div>
                    <div class="side right">
                      <div></div>
                    </div>
                    <div class="side">
                      <div><b>4 star</b></div>
                    </div>
                    <div class="middle">
                      <div class="bar-container">
                        <div class="bar-4"></div>
                      </div>
                    </div>
                    <div class="side right">
                      <div></div>
                    </div>
                    <div class="side">
                      <div><b>3 star</b></div>
                    </div>
                    <div class="middle">
                      <div class="bar-container">
                        <div class="bar-3"></div>
                      </div>
                    </div>
                    <div class="side right">
                      <div></div>
                    </div>
                    <div class="side">
                      <div><b>2 star</b></div>
                    </div>
                    <div class="middle">
                      <div class="bar-container">
                        <div class="bar-2"></div>
                      </div>
                    </div>
                    <div class="side right">
                      <div></div>
                    </div>
                    <div class="side">
                      <div><b>1 star</b></div>
                    </div>
                    <div class="middle">
                      <div class="bar-container">
                        <div class="bar-1"></div>
                      </div>
                    </div>
                    <div class="side right">
                      <div></div>
                    </div>
                  </div><br><br>

                  <div class="footer-dark">
                    <footer>
                        <div class="container">
                            <div class="row">
                                <div class="col-sm-6 col-md-3 item">
                                    <h3>Services</h3>
                                    <ul>
                                        <li><a href="#">Booking Tickets</a></li>
                                        <li><a href="#">Guide</a></li>
                                        <li><a href="#">Rental Vehicles</a></li>
                                    </ul>
                                </div>
                                <div class="col-sm-6 col-md-3 item">
                                    <h3>About</h3>
                                    <ul>
                                        <li><a href="tel:+919996660666">Call Me</a></li>
                                        <li><a href="mailto:travelx@gmail.com">Mail me</a></li>
                                        <!-- <li><a href="#"></a></li> -->
                                    </ul>
                                </div>
                                <div class="col-md-6 item text">
                                    <h3>Travel Your Happiness</h3>
                                     <ul>
                                        <li>Stay Safe</li>
                                        <li>Stay Happy</li>
                                        <li>Stay Healty</li>
                                     </ul>
                                </div>
                                <div class="col item social"><a href="https://www.facebook.com/" target="_blank"><i class="icon ion-social-facebook"></i></a><a href="https://twitter.com/" target="_blank"><i class="icon ion-social-twitter"></i></a><a href="https://www.snapchat.com/" target="_blank"><i class="icon ion-social-snapchat"></i></a><a href="https://www.instagram.com/" target="_blank"><i class="icon ion-social-instagram"></i></a></div>
                            </div>
                            <p class="copyright">TravelX © 2023</p>
                        </div>
                    </footer>
                </div>
                <script src="https://cdnjs.cloudflare.com/ajax/libs/jquery/3.2.1/jquery.min.js"></script>
                <script src="https://cdnjs.cloudflare.com/ajax/libs/twitter-bootstrap/4.1.3/js/bootstrap.bundle.min.js"></script>
                    
            </div>
        </div>
    </div>

    
</body>
</html>